[2026-09-08 18:20:59] ========================================
[2026-09-08 18:20:59] Portable Launcher started
[2026-09-08 18:20:59] version=1.0.0
[2026-09-08 18:20:59] root=C:\Users\Пользователь\Desktop\Работа с Jarvis\JARVIS V11\JARVIS_V11\JARVIS_USB
[2026-09-08 18:20:59] manifest loaded
[2026-09-08 18:20:59] portable python test: OK
[2026-09-08 18:20:59] starting JARVIS
[2026-09-08 18:20:59] python=C:\Users\Пользователь\Desktop\Работа с Jarvis\JARVIS V11\JARVIS_V11\JARVIS_USB\RUNTIME\Python\python.exe
[2026-09-08 18:20:59] main=C:\Users\Пользователь\Desktop\Работа с Jarvis\JARVIS V11\JARVIS_V11\JARVIS_USB\JARVIS\main.py
[2026-09-08 18:20:59] JARVIS started, PID=15424
[2026-09-08 23:11:41] ========================================
[2026-09-08 23:11:41] Portable Launcher started
[2026-09-08 23:11:41] version=1.0.0
[2026-09-08 23:11:41] root=C:\Users\Пользователь\Desktop\Работа с Jarvis\JARVIS V11\JARVIS_V11\JARVIS_USB
[2026-09-08 23:11:41] manifest loaded
[2026-09-08 23:11:41] portable python test: OK
[2026-09-08 23:11:41] starting JARVIS
[2026-09-08 23:11:41] python=C:\Users\Пользователь\Desktop\Работа с Jarvis\JARVIS V11\JARVIS_V11\JARVIS_USB\RUNTIME\Python\python.exe
[2026-09-08 23:11:41] main=C:\Users\Пользователь\Desktop\Работа с Jarvis\JARVIS V11\JARVIS_V11\JARVIS_USB\JARVIS\main.py
[2026-09-08 23:11:41] JARVIS started, PID=20528
