[10.08.2026 18:51:28] [INFO] ========================================
[10.08.2026 18:51:28] [INFO] Запуск JARVIS...
[10.08.2026 18:51:28] [INFO] Инициализация системы...
[10.08.2026 18:51:54] [INFO] JARVIS успешно запущен.
[10.08.2026 18:51:54] [INFO] ========================================
[10.08.2026 19:18:17] [INFO] ========================================
[10.08.2026 19:18:17] [INFO] Запуск JARVIS...
[10.08.2026 19:18:17] [INFO] Инициализация системы...
[10.08.2026 19:18:25] [INFO] JARVIS успешно запущен.
[10.08.2026 19:18:25] [INFO] ========================================
[10.08.2026 19:19:45] [INFO] Завершение работы JARVIS...
[10.08.2026 19:19:46] [INFO] JARVIS выключен.
[10.08.2026 19:28:34] [INFO] ========================================
[10.08.2026 19:28:34] [INFO] Запуск JARVIS...
[10.08.2026 19:28:34] [INFO] Инициализация системы...
[10.08.2026 19:28:41] [INFO] JARVIS успешно запущен.
[10.08.2026 19:28:41] [INFO] ========================================
[10.08.2026 19:30:28] [INFO] Завершение работы JARVIS...
[10.08.2026 19:30:28] [INFO] JARVIS выключен.
[10.08.2026 19:32:53] [INFO] ========================================
[10.08.2026 19:32:53] [INFO] Запуск JARVIS...
[10.08.2026 19:32:53] [INFO] Инициализация системы...
[10.08.2026 19:32:58] [INFO] JARVIS успешно запущен.
[10.08.2026 19:32:58] [INFO] ========================================
[10.08.2026 19:33:25] [INFO] Завершение работы JARVIS...
[10.08.2026 19:33:25] [INFO] JARVIS выключен.
[10.08.2026 19:39:14] [INFO] ========================================
[10.08.2026 19:39:14] [INFO] Запуск JARVIS...
[10.08.2026 19:39:14] [INFO] Инициализация системы...
[10.08.2026 19:39:21] [INFO] JARVIS успешно запущен.
[10.08.2026 19:39:21] [INFO] ========================================
[10.08.2026 19:39:39] [INFO] Завершение работы JARVIS...
[10.08.2026 19:39:39] [INFO] JARVIS выключен.
[10.08.2026 23:53:35] [INFO] ========================================
[10.08.2026 23:53:35] [INFO] Запуск JARVIS...
[10.08.2026 23:53:35] [INFO] Инициализация системы...
[10.08.2026 23:53:36] [INFO] JARVIS успешно запущен.
[10.08.2026 23:53:36] [INFO] ========================================
[11.08.2026 00:07:25] [INFO] ========================================
[11.08.2026 00:07:25] [INFO] Запуск JARVIS...
[11.08.2026 00:07:25] [INFO] Инициализация системы...
[11.08.2026 00:07:25] [INFO] JARVIS успешно запущен.
[11.08.2026 00:07:25] [INFO] ========================================
[11.08.2026 00:21:35] [INFO] ========================================
[11.08.2026 00:21:35] [INFO] Запуск JARVIS...
[11.08.2026 00:21:35] [INFO] Инициализация системы...
[11.08.2026 00:21:35] [INFO] JARVIS успешно запущен.
[11.08.2026 00:21:35] [INFO] ========================================
[11.08.2026 00:23:47] [INFO] ========================================
[11.08.2026 00:23:47] [INFO] Запуск JARVIS...
[11.08.2026 00:23:47] [INFO] Инициализация системы...
[11.08.2026 00:23:48] [INFO] JARVIS успешно запущен.
[11.08.2026 00:23:48] [INFO] ========================================
[11.08.2026 11:03:50] [INFO] ========================================
[11.08.2026 11:03:50] [INFO] Запуск JARVIS...
[11.08.2026 11:03:50] [INFO] Инициализация системы...
[11.08.2026 11:03:51] [INFO] JARVIS успешно запущен.
[11.08.2026 11:03:51] [INFO] ========================================
[11.08.2026 11:12:38] [INFO] ========================================
[11.08.2026 11:12:38] [INFO] Запуск JARVIS...
[11.08.2026 11:12:38] [INFO] Инициализация системы...
[11.08.2026 11:12:39] [INFO] JARVIS успешно запущен.
[11.08.2026 11:12:39] [INFO] ========================================
[11.08.2026 11:12:50] [INFO] Завершение работы JARVIS...
[11.08.2026 11:12:50] [INFO] JARVIS выключен.
[11.08.2026 11:19:57] [INFO] ========================================
[11.08.2026 11:19:57] [INFO] Запуск JARVIS...
[11.08.2026 11:19:57] [INFO] Инициализация системы...
[11.08.2026 11:19:58] [INFO] JARVIS успешно запущен.
[11.08.2026 11:19:58] [INFO] ========================================
[11.08.2026 11:21:05] [INFO] Завершение работы JARVIS...
[11.08.2026 11:21:06] [INFO] JARVIS выключен.
[11.08.2026 11:21:25] [INFO] ========================================
[11.08.2026 11:21:25] [INFO] Запуск JARVIS...
[11.08.2026 11:21:25] [INFO] Инициализация системы...
[11.08.2026 11:21:25] [INFO] JARVIS успешно запущен.
[11.08.2026 11:21:25] [INFO] ========================================
[11.08.2026 11:22:00] [INFO] Завершение работы JARVIS...
[11.08.2026 11:22:01] [INFO] JARVIS выключен.
[11.08.2026 11:24:08] [INFO] ========================================
[11.08.2026 11:24:08] [INFO] Запуск JARVIS...
[11.08.2026 11:24:08] [INFO] Инициализация системы...
[11.08.2026 11:24:08] [INFO] JARVIS успешно запущен.
[11.08.2026 11:24:08] [INFO] ========================================
[11.08.2026 11:24:20] [INFO] Завершение работы JARVIS...
[11.08.2026 11:24:20] [INFO] JARVIS выключен.
[11.08.2026 11:29:19] [INFO] ========================================
[11.08.2026 11:29:19] [INFO] Запуск JARVIS...
[11.08.2026 11:29:19] [INFO] Инициализация системы...
[11.08.2026 11:29:20] [INFO] JARVIS успешно запущен.
[11.08.2026 11:29:20] [INFO] ========================================
[11.08.2026 11:29:39] [INFO] Завершение работы JARVIS...
[11.08.2026 11:29:39] [INFO] JARVIS выключен.
[12.08.2026 09:29:01] [INFO] ========================================
[12.08.2026 09:29:01] [INFO] Запуск JARVIS...
[12.08.2026 09:29:01] [INFO] Инициализация системы...
[12.08.2026 09:29:02] [INFO] JARVIS успешно запущен.
[12.08.2026 09:29:02] [INFO] ========================================
[12.08.2026 09:29:25] [INFO] Завершение работы JARVIS...
[12.08.2026 09:29:25] [INFO] JARVIS выключен.
[12.08.2026 09:44:29] [INFO] ========================================
[12.08.2026 09:44:29] [INFO] Запуск JARVIS...
[12.08.2026 09:44:29] [INFO] Инициализация системы...
[12.08.2026 09:44:30] [INFO] JARVIS успешно запущен.
[12.08.2026 09:44:30] [INFO] ========================================
[12.08.2026 09:44:54] [INFO] Завершение работы JARVIS...
[12.08.2026 09:44:54] [INFO] JARVIS выключен.
[12.08.2026 14:57:50] [INFO] ========================================
[12.08.2026 14:57:50] [INFO] Запуск JARVIS...
[12.08.2026 14:57:50] [INFO] Инициализация системы...
[12.08.2026 14:57:51] [INFO] JARVIS успешно запущен.
[12.08.2026 14:57:51] [INFO] ========================================
[12.08.2026 15:24:30] [INFO] Завершение работы JARVIS...
[12.08.2026 15:24:33] [INFO] JARVIS выключен.
[12.08.2026 18:58:34] [INFO] ========================================
[12.08.2026 18:58:34] [INFO] Запуск JARVIS...
[12.08.2026 18:58:34] [INFO] Инициализация системы...
[12.08.2026 18:58:35] [INFO] JARVIS успешно запущен.
[12.08.2026 18:58:35] [INFO] ========================================
[12.08.2026 18:59:56] [INFO] Завершение работы JARVIS...
[12.08.2026 18:59:56] [INFO] JARVIS выключен.
[12.08.2026 19:25:20] [INFO] ========================================
[12.08.2026 19:25:20] [INFO] Запуск JARVIS...
[12.08.2026 19:25:20] [INFO] Инициализация системы...
[12.08.2026 19:25:20] [INFO] JARVIS успешно запущен.
[12.08.2026 19:25:20] [INFO] ========================================
[12.08.2026 20:58:18] [INFO] ========================================
[12.08.2026 20:58:18] [INFO] Запуск JARVIS...
[12.08.2026 20:58:18] [INFO] Инициализация системы...
[12.08.2026 20:58:20] [INFO] JARVIS успешно запущен.
[12.08.2026 20:58:20] [INFO] ========================================
[12.08.2026 21:05:29] [INFO] ========================================
[12.08.2026 21:05:29] [INFO] Запуск JARVIS...
[12.08.2026 21:05:29] [INFO] Инициализация системы...
[12.08.2026 21:05:29] [INFO] JARVIS успешно запущен.
[12.08.2026 21:05:29] [INFO] ========================================
[12.08.2026 21:11:23] [INFO] Завершение работы JARVIS...
[12.08.2026 21:11:23] [INFO] JARVIS выключен.
[13.08.2026 21:57:23] [INFO] ========================================
[13.08.2026 21:57:23] [INFO] Запуск JARVIS...
[13.08.2026 21:57:23] [INFO] Инициализация системы...
[13.08.2026 21:57:29] [INFO] JARVIS успешно запущен.
[13.08.2026 21:57:29] [INFO] ========================================
[13.08.2026 21:58:15] [INFO] Завершение работы JARVIS...
[13.08.2026 21:58:16] [INFO] JARVIS выключен.
[13.08.2026 22:13:30] [INFO] ========================================
[13.08.2026 22:13:30] [INFO] Запуск JARVIS...
[13.08.2026 22:13:30] [INFO] Инициализация системы...
[13.08.2026 22:13:36] [INFO] JARVIS успешно запущен.
[13.08.2026 22:13:36] [INFO] ========================================
[13.08.2026 22:16:30] [INFO] Завершение работы JARVIS...
[13.08.2026 22:16:30] [INFO] JARVIS выключен.
[13.08.2026 22:17:48] [INFO] ========================================
[13.08.2026 22:17:48] [INFO] Запуск JARVIS...
[13.08.2026 22:17:48] [INFO] Инициализация системы...
[13.08.2026 22:17:53] [INFO] JARVIS успешно запущен.
[13.08.2026 22:17:53] [INFO] ========================================
[13.08.2026 22:20:13] [INFO] Завершение работы JARVIS...
[13.08.2026 22:20:13] [INFO] JARVIS выключен.
[13.08.2026 22:21:12] [INFO] ========================================
[13.08.2026 22:21:12] [INFO] Запуск JARVIS...
[13.08.2026 22:21:12] [INFO] Инициализация системы...
[13.08.2026 22:21:17] [INFO] JARVIS успешно запущен.
[13.08.2026 22:21:17] [INFO] ========================================
[13.08.2026 22:24:52] [INFO] Завершение работы JARVIS...
[13.08.2026 22:24:52] [INFO] JARVIS выключен.
[13.08.2026 22:38:28] [INFO] ========================================
[13.08.2026 22:38:28] [INFO] Запуск JARVIS...
[13.08.2026 22:38:28] [INFO] Инициализация системы...
[13.08.2026 22:38:34] [INFO] JARVIS успешно запущен.
[13.08.2026 22:38:34] [INFO] ========================================
[13.08.2026 22:39:25] [INFO] Завершение работы JARVIS...
[13.08.2026 22:39:25] [INFO] JARVIS выключен.
[13.08.2026 22:43:25] [INFO] ========================================
[13.08.2026 22:43:25] [INFO] Запуск JARVIS...
[13.08.2026 22:43:25] [INFO] Инициализация системы...
[13.08.2026 22:43:30] [INFO] JARVIS успешно запущен.
[13.08.2026 22:43:30] [INFO] ========================================
[13.08.2026 22:44:44] [INFO] Завершение работы JARVIS...
[13.08.2026 22:44:45] [INFO] JARVIS выключен.
[13.08.2026 22:46:31] [INFO] ========================================
[13.08.2026 22:46:31] [INFO] Запуск JARVIS...
[13.08.2026 22:46:31] [INFO] Инициализация системы...
[13.08.2026 22:46:36] [INFO] JARVIS успешно запущен.
[13.08.2026 22:46:36] [INFO] ========================================
[13.08.2026 22:47:16] [INFO] Завершение работы JARVIS...
[13.08.2026 22:47:17] [INFO] JARVIS выключен.
[13.08.2026 23:11:20] [INFO] ========================================
[13.08.2026 23:11:20] [INFO] Запуск JARVIS...
[13.08.2026 23:11:20] [INFO] Инициализация системы...
[13.08.2026 23:11:31] [INFO] JARVIS успешно запущен.
[13.08.2026 23:11:31] [INFO] ========================================
[14.08.2026 11:37:18] [INFO] ========================================
[14.08.2026 11:37:18] [INFO] Запуск JARVIS...
[14.08.2026 11:37:18] [INFO] Инициализация системы...
[14.08.2026 11:37:36] [INFO] JARVIS успешно запущен.
[14.08.2026 11:37:36] [INFO] ========================================
[14.08.2026 11:41:14] [INFO] Завершение работы JARVIS...
[14.08.2026 11:41:14] [INFO] JARVIS выключен.
[14.08.2026 12:02:25] [INFO] ========================================
[14.08.2026 12:02:25] [INFO] Запуск JARVIS...
[14.08.2026 12:02:25] [INFO] Инициализация системы...
[14.08.2026 12:02:35] [INFO] JARVIS успешно запущен.
[14.08.2026 12:02:35] [INFO] ========================================
[14.08.2026 12:05:35] [INFO] Завершение работы JARVIS...
[14.08.2026 12:05:35] [INFO] JARVIS выключен.
[14.08.2026 12:56:37] [INFO] ========================================
[14.08.2026 12:56:37] [INFO] Запуск JARVIS...
[14.08.2026 12:56:37] [INFO] Инициализация системы...
[14.08.2026 12:56:49] [INFO] JARVIS успешно запущен.
[14.08.2026 12:56:49] [INFO] ========================================
[14.08.2026 13:38:24] [INFO] Завершение работы JARVIS...
[14.08.2026 13:38:28] [INFO] JARVIS выключен.
[14.08.2026 18:07:04] [INFO] ========================================
[14.08.2026 18:07:04] [INFO] Запуск JARVIS...
[14.08.2026 18:07:04] [INFO] Инициализация системы...
[14.08.2026 18:07:34] [INFO] JARVIS успешно запущен.
[14.08.2026 18:07:34] [INFO] ========================================
[14.08.2026 20:20:39] [INFO] Завершение работы JARVIS...
[14.08.2026 20:20:41] [INFO] JARVIS выключен.
[14.08.2026 20:22:03] [INFO] ========================================
[14.08.2026 20:22:03] [INFO] Запуск JARVIS...
[14.08.2026 20:22:03] [INFO] Инициализация системы...
[14.08.2026 20:22:08] [INFO] JARVIS успешно запущен.
[14.08.2026 20:22:08] [INFO] ========================================
[14.08.2026 20:24:13] [INFO] Завершение работы JARVIS...
[14.08.2026 20:24:13] [INFO] JARVIS выключен.
[14.08.2026 20:45:12] [INFO] ========================================
[14.08.2026 20:45:12] [INFO] Запуск JARVIS...
[14.08.2026 20:45:12] [INFO] Инициализация системы...
[14.08.2026 20:45:20] [INFO] JARVIS успешно запущен.
[14.08.2026 20:45:20] [INFO] ========================================
[14.08.2026 21:01:33] [INFO] Завершение работы JARVIS...
[14.08.2026 21:01:33] [INFO] JARVIS выключен.
[14.08.2026 22:05:57] [INFO] ========================================
[14.08.2026 22:05:57] [INFO] Запуск JARVIS...
[14.08.2026 22:05:57] [INFO] Инициализация системы...
[14.08.2026 22:06:03] [INFO] JARVIS успешно запущен.
[14.08.2026 22:06:03] [INFO] ========================================
[14.08.2026 22:09:19] [INFO] Завершение работы JARVIS...
[14.08.2026 22:09:19] [INFO] JARVIS выключен.
[14.08.2026 22:13:39] [INFO] ========================================
[14.08.2026 22:13:39] [INFO] Запуск JARVIS...
[14.08.2026 22:13:39] [INFO] Инициализация системы...
[14.08.2026 22:13:44] [INFO] JARVIS успешно запущен.
[14.08.2026 22:13:44] [INFO] ========================================
[14.08.2026 22:16:08] [INFO] Завершение работы JARVIS...
[14.08.2026 22:16:08] [INFO] JARVIS выключен.
[14.08.2026 22:24:09] [INFO] ========================================
[14.08.2026 22:24:09] [INFO] Запуск JARVIS...
[14.08.2026 22:24:09] [INFO] Инициализация системы...
[14.08.2026 22:24:15] [INFO] JARVIS успешно запущен.
[14.08.2026 22:24:15] [INFO] ========================================
[14.08.2026 22:25:03] [INFO] Завершение работы JARVIS...
[14.08.2026 22:25:03] [INFO] JARVIS выключен.
[14.08.2026 22:28:08] [INFO] ========================================
[14.08.2026 22:28:08] [INFO] Запуск JARVIS...
[14.08.2026 22:28:08] [INFO] Инициализация системы...
[14.08.2026 22:28:13] [INFO] JARVIS успешно запущен.
[14.08.2026 22:28:13] [INFO] ========================================
[14.08.2026 22:28:31] [INFO] Завершение работы JARVIS...
[14.08.2026 22:28:32] [INFO] JARVIS выключен.
[15.08.2026 10:19:42] [INFO] ========================================
[15.08.2026 10:19:42] [INFO] Запуск JARVIS...
[15.08.2026 10:19:42] [INFO] Инициализация системы...
[15.08.2026 10:19:49] [INFO] JARVIS успешно запущен.
[15.08.2026 10:19:49] [INFO] ========================================
[15.08.2026 10:35:04] [INFO] Завершение работы JARVIS...
[15.08.2026 10:35:04] [INFO] JARVIS выключен.
[15.08.2026 11:36:59] [INFO] ========================================
[15.08.2026 11:36:59] [INFO] Запуск JARVIS...
[15.08.2026 11:36:59] [INFO] Инициализация системы...
[15.08.2026 11:37:07] [INFO] JARVIS успешно запущен.
[15.08.2026 11:37:07] [INFO] ========================================
[15.08.2026 11:40:49] [INFO] Завершение работы JARVIS...
[15.08.2026 11:40:49] [INFO] JARVIS выключен.
[15.08.2026 11:47:21] [INFO] ========================================
[15.08.2026 11:47:21] [INFO] Запуск JARVIS...
[15.08.2026 11:47:21] [INFO] Инициализация системы...
[15.08.2026 11:47:26] [INFO] JARVIS успешно запущен.
[15.08.2026 11:47:26] [INFO] ========================================
[15.08.2026 12:07:49] [INFO] Завершение работы JARVIS...
[15.08.2026 12:07:52] [INFO] JARVIS выключен.
[15.08.2026 12:20:31] [INFO] ========================================
[15.08.2026 12:20:31] [INFO] Запуск JARVIS...
[15.08.2026 12:20:31] [INFO] Инициализация системы...
[15.08.2026 12:20:43] [INFO] JARVIS успешно запущен.
[15.08.2026 12:20:43] [INFO] ========================================
[15.08.2026 12:30:13] [INFO] Завершение работы JARVIS...
[15.08.2026 12:30:14] [INFO] JARVIS выключен.
[15.08.2026 12:31:51] [INFO] ========================================
[15.08.2026 12:31:51] [INFO] Запуск JARVIS...
[15.08.2026 12:31:51] [INFO] Инициализация системы...
[15.08.2026 12:31:56] [INFO] JARVIS успешно запущен.
[15.08.2026 12:31:56] [INFO] ========================================
[15.08.2026 13:00:04] [INFO] Завершение работы JARVIS...
[15.08.2026 13:00:05] [INFO] JARVIS выключен.
[15.08.2026 16:21:59] [INFO] ========================================
[15.08.2026 16:21:59] [INFO] Запуск JARVIS...
[15.08.2026 16:21:59] [INFO] Инициализация системы...
[15.08.2026 16:22:13] [INFO] JARVIS успешно запущен.
[15.08.2026 16:22:13] [INFO] ========================================
[15.08.2026 16:24:41] [INFO] Завершение работы JARVIS...
[15.08.2026 16:24:41] [INFO] JARVIS выключен.
[15.08.2026 16:27:15] [INFO] ========================================
[15.08.2026 16:27:15] [INFO] Запуск JARVIS...
[15.08.2026 16:27:15] [INFO] Инициализация системы...
[15.08.2026 16:27:20] [INFO] JARVIS успешно запущен.
[15.08.2026 16:27:20] [INFO] ========================================
[15.08.2026 16:33:54] [INFO] Завершение работы JARVIS...
[15.08.2026 16:33:54] [INFO] JARVIS выключен.
[15.08.2026 16:40:38] [INFO] ========================================
[15.08.2026 16:40:38] [INFO] Запуск JARVIS...
[15.08.2026 16:40:38] [INFO] Инициализация системы...
[15.08.2026 16:40:43] [INFO] JARVIS успешно запущен.
[15.08.2026 16:40:43] [INFO] ========================================
[15.08.2026 17:08:08] [INFO] ========================================
[15.08.2026 17:08:08] [INFO] Запуск JARVIS...
[15.08.2026 17:08:08] [INFO] Инициализация системы...
[15.08.2026 17:08:15] [INFO] JARVIS успешно запущен.
[15.08.2026 17:08:15] [INFO] ========================================
[15.08.2026 18:33:01] [INFO] Завершение работы JARVIS...
[15.08.2026 18:33:01] [INFO] JARVIS выключен.
[15.08.2026 21:24:06] [INFO] ========================================
[15.08.2026 21:24:06] [INFO] Запуск JARVIS...
[15.08.2026 21:24:06] [INFO] Инициализация системы...
[15.08.2026 21:24:11] [INFO] JARVIS успешно запущен.
[15.08.2026 21:24:11] [INFO] ========================================
[15.08.2026 21:33:12] [INFO] Завершение работы JARVIS...
[15.08.2026 21:33:12] [INFO] JARVIS выключен.
[15.08.2026 21:50:41] [INFO] ========================================
[15.08.2026 21:50:41] [INFO] Запуск JARVIS...
[15.08.2026 21:50:41] [INFO] Инициализация системы...
[15.08.2026 21:50:47] [INFO] JARVIS успешно запущен.
[15.08.2026 21:50:47] [INFO] ========================================
[15.08.2026 22:02:39] [INFO] Завершение работы JARVIS...
[15.08.2026 22:02:39] [INFO] JARVIS выключен.
[15.08.2026 22:32:37] [INFO] ========================================
[15.08.2026 22:32:37] [INFO] Запуск JARVIS...
[15.08.2026 22:32:37] [INFO] Инициализация системы...
[15.08.2026 22:32:46] [INFO] JARVIS успешно запущен.
[15.08.2026 22:32:46] [INFO] ========================================
[21.08.2026 16:26:19] [INFO] ========================================
[21.08.2026 16:26:19] [INFO] Запуск JARVIS...
[21.08.2026 16:26:19] [INFO] Инициализация системы...
[21.08.2026 16:26:25] [INFO] JARVIS успешно запущен.
[21.08.2026 16:26:25] [INFO] ========================================
[21.08.2026 16:29:38] [INFO] Завершение работы JARVIS...
[21.08.2026 16:29:38] [INFO] JARVIS выключен.
[21.08.2026 18:31:05] [INFO] ========================================
[21.08.2026 18:31:05] [INFO] Запуск JARVIS...
[21.08.2026 18:31:05] [INFO] Инициализация системы...
[21.08.2026 18:31:11] [INFO] JARVIS успешно запущен.
[21.08.2026 18:31:11] [INFO] ========================================
[21.08.2026 18:37:49] [INFO] Завершение работы JARVIS...
[21.08.2026 18:37:50] [INFO] JARVIS выключен.
[21.08.2026 20:25:06] [INFO] ========================================
[21.08.2026 20:25:06] [INFO] Запуск JARVIS...
[21.08.2026 20:25:06] [INFO] Инициализация системы...
[21.08.2026 20:25:15] [INFO] JARVIS успешно запущен.
[21.08.2026 20:25:15] [INFO] ========================================
[21.08.2026 20:27:03] [INFO] Завершение работы JARVIS...
[21.08.2026 20:27:03] [INFO] JARVIS выключен.
[21.08.2026 20:45:27] [INFO] ========================================
[21.08.2026 20:45:27] [INFO] Запуск JARVIS...
[21.08.2026 20:45:27] [INFO] Инициализация системы...
[21.08.2026 20:45:36] [INFO] JARVIS успешно запущен.
[21.08.2026 20:45:36] [INFO] ========================================
[21.08.2026 20:53:46] [INFO] Завершение работы JARVIS...
[21.08.2026 20:53:47] [INFO] JARVIS выключен.
[21.08.2026 22:22:00] [INFO] ========================================
[21.08.2026 22:22:00] [INFO] Запуск JARVIS...
[21.08.2026 22:22:00] [INFO] Инициализация системы...
[21.08.2026 22:22:11] [INFO] JARVIS успешно запущен.
[21.08.2026 22:22:11] [INFO] ========================================
[21.08.2026 22:24:31] [INFO] Завершение работы JARVIS...
[21.08.2026 22:24:31] [INFO] JARVIS выключен.
[21.08.2026 22:28:02] [INFO] ========================================
[21.08.2026 22:28:02] [INFO] Запуск JARVIS...
[21.08.2026 22:28:02] [INFO] Инициализация системы...
[21.08.2026 22:28:08] [INFO] JARVIS успешно запущен.
[21.08.2026 22:28:08] [INFO] ========================================
[21.08.2026 22:34:15] [INFO] Завершение работы JARVIS...
[21.08.2026 22:34:15] [INFO] JARVIS выключен.
[21.08.2026 22:40:18] [INFO] ========================================
[21.08.2026 22:40:18] [INFO] Запуск JARVIS...
[21.08.2026 22:40:18] [INFO] Инициализация системы...
[21.08.2026 22:40:24] [INFO] JARVIS успешно запущен.
[21.08.2026 22:40:24] [INFO] ========================================
[22.08.2026 10:34:35] [INFO] Завершение работы JARVIS...
[22.08.2026 10:34:35] [INFO] JARVIS выключен.
[22.08.2026 11:19:51] [INFO] ========================================
[22.08.2026 11:19:51] [INFO] Запуск JARVIS...
[22.08.2026 11:19:51] [INFO] Инициализация системы...
[22.08.2026 11:19:53] [INFO] JARVIS успешно запущен.
[22.08.2026 11:19:53] [INFO] ========================================
[22.08.2026 11:37:57] [INFO] Завершение работы JARVIS...
[22.08.2026 11:37:57] [INFO] JARVIS выключен.
[22.08.2026 18:45:13] [INFO] ========================================
[22.08.2026 18:45:13] [INFO] Запуск JARVIS...
[22.08.2026 18:45:13] [INFO] Инициализация системы...
[22.08.2026 18:45:16] [INFO] JARVIS успешно запущен.
[22.08.2026 18:45:16] [INFO] ========================================
[24.08.2026 11:10:12] [INFO] ========================================
[24.08.2026 11:10:12] [INFO] Запуск JARVIS...
[24.08.2026 11:10:12] [INFO] Инициализация системы...
[24.08.2026 11:10:17] [INFO] JARVIS успешно запущен.
[24.08.2026 11:10:17] [INFO] ========================================
[24.08.2026 11:12:20] [INFO] Завершение работы JARVIS...
[24.08.2026 11:12:20] [INFO] JARVIS выключен.
[24.08.2026 11:14:23] [INFO] ========================================
[24.08.2026 11:14:23] [INFO] Запуск JARVIS...
[24.08.2026 11:14:23] [INFO] Инициализация системы...
[24.08.2026 11:14:28] [INFO] JARVIS успешно запущен.
[24.08.2026 11:14:28] [INFO] ========================================
[24.08.2026 11:18:11] [INFO] Завершение работы JARVIS...
[24.08.2026 11:18:11] [INFO] JARVIS выключен.
[24.08.2026 11:18:34] [INFO] ========================================
[24.08.2026 11:18:34] [INFO] Запуск JARVIS...
[24.08.2026 11:18:34] [INFO] Инициализация системы...
[24.08.2026 11:18:39] [INFO] JARVIS успешно запущен.
[24.08.2026 11:18:39] [INFO] ========================================
[24.08.2026 11:20:38] [INFO] Завершение работы JARVIS...
[24.08.2026 11:20:39] [INFO] JARVIS выключен.
[24.08.2026 11:40:55] [INFO] ========================================
[24.08.2026 11:40:55] [INFO] Запуск JARVIS...
[24.08.2026 11:40:55] [INFO] Инициализация системы...
[24.08.2026 11:41:00] [INFO] JARVIS успешно запущен.
[24.08.2026 11:41:00] [INFO] ========================================
[24.08.2026 12:03:46] [INFO] Завершение работы JARVIS...
[24.08.2026 12:03:46] [INFO] JARVIS выключен.
[24.08.2026 12:20:02] [INFO] ========================================
[24.08.2026 12:20:02] [INFO] Запуск JARVIS...
[24.08.2026 12:20:02] [INFO] Инициализация системы...
[24.08.2026 12:20:08] [INFO] JARVIS успешно запущен.
[24.08.2026 12:20:08] [INFO] ========================================
[24.08.2026 12:23:40] [INFO] Завершение работы JARVIS...
[24.08.2026 12:23:40] [INFO] JARVIS выключен.
[24.08.2026 12:26:45] [INFO] ========================================
[24.08.2026 12:26:45] [INFO] Запуск JARVIS...
[24.08.2026 12:26:45] [INFO] Инициализация системы...
[24.08.2026 12:26:50] [INFO] JARVIS успешно запущен.
[24.08.2026 12:26:50] [INFO] ========================================
[24.08.2026 12:27:44] [INFO] Завершение работы JARVIS...
[24.08.2026 12:27:45] [INFO] JARVIS выключен.
[24.08.2026 12:43:23] [INFO] ========================================
[24.08.2026 12:43:23] [INFO] Запуск JARVIS...
[24.08.2026 12:43:23] [INFO] Инициализация системы...
[24.08.2026 12:43:30] [INFO] JARVIS успешно запущен.
[24.08.2026 12:43:30] [INFO] ========================================
[24.08.2026 12:46:58] [INFO] Завершение работы JARVIS...
[24.08.2026 12:46:58] [INFO] JARVIS выключен.
[24.08.2026 12:55:54] [INFO] ========================================
[24.08.2026 12:55:54] [INFO] Запуск JARVIS...
[24.08.2026 12:55:54] [INFO] Инициализация системы...
[24.08.2026 12:56:00] [INFO] JARVIS успешно запущен.
[24.08.2026 12:56:00] [INFO] ========================================
[24.08.2026 12:56:56] [INFO] Завершение работы JARVIS...
[24.08.2026 12:56:56] [INFO] JARVIS выключен.
[24.08.2026 17:04:17] [INFO] ========================================
[24.08.2026 17:04:17] [INFO] Запуск JARVIS...
[24.08.2026 17:04:17] [INFO] Инициализация системы...
[24.08.2026 17:04:25] [INFO] JARVIS успешно запущен.
[24.08.2026 17:04:25] [INFO] ========================================
[24.08.2026 17:15:58] [INFO] Завершение работы JARVIS...
[24.08.2026 17:15:58] [INFO] JARVIS выключен.
[24.08.2026 17:17:22] [INFO] ========================================
[24.08.2026 17:17:22] [INFO] Запуск JARVIS...
[24.08.2026 17:17:22] [INFO] Инициализация системы...
[24.08.2026 17:17:27] [INFO] JARVIS успешно запущен.
[24.08.2026 17:17:27] [INFO] ========================================
[24.08.2026 17:32:07] [INFO] Завершение работы JARVIS...
[24.08.2026 17:32:07] [INFO] JARVIS выключен.
[24.08.2026 17:47:43] [INFO] ========================================
[24.08.2026 17:47:43] [INFO] Запуск JARVIS...
[24.08.2026 17:47:43] [INFO] Инициализация системы...
[24.08.2026 17:47:50] [INFO] JARVIS успешно запущен.
[24.08.2026 17:47:50] [INFO] ========================================
[24.08.2026 18:00:07] [INFO] ========================================
[24.08.2026 18:00:07] [INFO] Запуск JARVIS...
[24.08.2026 18:00:07] [INFO] Инициализация системы...
[24.08.2026 18:00:12] [INFO] JARVIS успешно запущен.
[24.08.2026 18:00:12] [INFO] ========================================
[24.08.2026 18:06:02] [INFO] Завершение работы JARVIS...
[24.08.2026 18:06:02] [INFO] JARVIS выключен.
[24.08.2026 18:27:02] [INFO] ========================================
[24.08.2026 18:27:02] [INFO] Запуск JARVIS...
[24.08.2026 18:27:02] [INFO] Инициализация системы...
[24.08.2026 18:27:07] [INFO] JARVIS успешно запущен.
[24.08.2026 18:27:07] [INFO] ========================================
[24.08.2026 18:37:08] [INFO] Завершение работы JARVIS...
[24.08.2026 18:37:08] [INFO] JARVIS выключен.
[25.08.2026 12:18:25] [INFO] ========================================
[25.08.2026 12:18:25] [INFO] Запуск JARVIS...
[25.08.2026 12:18:25] [INFO] Инициализация системы...
[25.08.2026 12:19:11] [INFO] JARVIS успешно запущен.
[25.08.2026 12:19:11] [INFO] ========================================
[25.08.2026 12:25:45] [INFO] Завершение работы JARVIS...
[25.08.2026 12:25:52] [INFO] JARVIS выключен.
[25.08.2026 12:36:56] [INFO] ========================================
[25.08.2026 12:36:56] [INFO] Запуск JARVIS...
[25.08.2026 12:36:56] [INFO] Инициализация системы...
[25.08.2026 12:37:28] [INFO] JARVIS успешно запущен.
[25.08.2026 12:37:28] [INFO] ========================================
[25.08.2026 12:57:04] [INFO] Завершение работы JARVIS...
[25.08.2026 12:57:37] [INFO] JARVIS выключен.
[25.08.2026 13:01:37] [INFO] ========================================
[25.08.2026 13:01:37] [INFO] Запуск JARVIS...
[25.08.2026 13:01:37] [INFO] Инициализация системы...
[25.08.2026 13:01:53] [INFO] JARVIS успешно запущен.
[25.08.2026 13:01:53] [INFO] ========================================
[25.08.2026 13:02:46] [INFO] Завершение работы JARVIS...
[25.08.2026 13:02:54] [INFO] JARVIS выключен.
[25.08.2026 13:30:59] [INFO] ========================================
[25.08.2026 13:31:00] [INFO] Запуск JARVIS...
[25.08.2026 13:31:00] [INFO] Инициализация системы...
[25.08.2026 13:31:42] [INFO] JARVIS успешно запущен.
[25.08.2026 13:31:42] [INFO] ========================================
[25.08.2026 13:38:41] [INFO] Завершение работы JARVIS...
[25.08.2026 13:38:51] [INFO] JARVIS выключен.
[25.08.2026 15:47:14] [INFO] ========================================
[25.08.2026 15:47:15] [INFO] Запуск JARVIS...
[25.08.2026 15:47:15] [INFO] Инициализация системы...
[25.08.2026 15:47:52] [INFO] JARVIS успешно запущен.
[25.08.2026 15:47:52] [INFO] ========================================
[25.08.2026 16:08:26] [INFO] Завершение работы JARVIS...
[25.08.2026 16:08:45] [INFO] JARVIS выключен.
[25.08.2026 16:14:04] [INFO] ========================================
[25.08.2026 16:14:04] [INFO] Запуск JARVIS...
[25.08.2026 16:14:04] [INFO] Инициализация системы...
[25.08.2026 16:14:27] [INFO] JARVIS успешно запущен.
[25.08.2026 16:14:27] [INFO] ========================================
[25.08.2026 16:16:43] [INFO] Завершение работы JARVIS...
[25.08.2026 16:16:52] [INFO] JARVIS выключен.
[25.08.2026 16:19:39] [INFO] ========================================
[25.08.2026 16:19:39] [INFO] Запуск JARVIS...
[25.08.2026 16:19:39] [INFO] Инициализация системы...
[25.08.2026 16:19:50] [INFO] JARVIS успешно запущен.
[25.08.2026 16:19:50] [INFO] ========================================
[25.08.2026 16:26:28] [INFO] Завершение работы JARVIS...
[25.08.2026 16:26:38] [INFO] JARVIS выключен.
[25.08.2026 16:29:03] [INFO] ========================================
[25.08.2026 16:29:03] [INFO] Запуск JARVIS...
[25.08.2026 16:29:03] [INFO] Инициализация системы...
[25.08.2026 16:29:03] [INFO] JARVIS успешно запущен.
[25.08.2026 16:29:03] [INFO] ========================================
[25.08.2026 16:31:37] [INFO] Завершение работы JARVIS...
[25.08.2026 16:31:37] [INFO] JARVIS выключен.
[25.08.2026 16:54:24] [INFO] ========================================
[25.08.2026 16:54:24] [INFO] Запуск JARVIS...
[25.08.2026 16:54:24] [INFO] Инициализация системы...
[25.08.2026 16:54:24] [INFO] JARVIS успешно запущен.
[25.08.2026 16:54:24] [INFO] ========================================
[25.08.2026 16:54:55] [INFO] Завершение работы JARVIS...
[25.08.2026 16:54:55] [INFO] JARVIS выключен.
[25.08.2026 16:57:38] [INFO] ========================================
[25.08.2026 16:57:38] [INFO] Запуск JARVIS...
[25.08.2026 16:57:38] [INFO] Инициализация системы...
[25.08.2026 16:58:21] [INFO] JARVIS успешно запущен.
[25.08.2026 16:58:21] [INFO] ========================================
[25.08.2026 17:39:52] [INFO] Завершение работы JARVIS...
[25.08.2026 17:40:02] [INFO] JARVIS выключен.
[25.08.2026 18:48:54] [INFO] ========================================
[25.08.2026 18:48:54] [INFO] Запуск JARVIS...
[25.08.2026 18:48:54] [INFO] Инициализация системы...
[25.08.2026 18:49:13] [INFO] JARVIS успешно запущен.
[25.08.2026 18:49:13] [INFO] ========================================
[25.08.2026 19:22:02] [INFO] Завершение работы JARVIS...
[25.08.2026 19:22:16] [INFO] JARVIS выключен.
[25.08.2026 20:28:10] [INFO] ========================================
[25.08.2026 20:28:10] [INFO] Запуск JARVIS...
[25.08.2026 20:28:10] [INFO] Инициализация системы...
[25.08.2026 20:28:41] [INFO] JARVIS успешно запущен.
[25.08.2026 20:28:41] [INFO] ========================================
[25.08.2026 20:30:20] [INFO] Завершение работы JARVIS...
[25.08.2026 20:30:26] [INFO] JARVIS выключен.
[25.08.2026 22:24:11] [INFO] ========================================
[25.08.2026 22:24:11] [INFO] Запуск JARVIS...
[25.08.2026 22:24:11] [INFO] Инициализация системы...
[25.08.2026 22:28:52] [INFO] JARVIS успешно запущен.
[25.08.2026 22:28:52] [INFO] ========================================
[25.08.2026 22:33:55] [INFO] Завершение работы JARVIS...
[25.08.2026 22:34:04] [INFO] JARVIS выключен.
[25.08.2026 22:41:22] [INFO] ========================================
[25.08.2026 22:41:22] [INFO] Запуск JARVIS...
[25.08.2026 22:41:22] [INFO] Инициализация системы...
[25.08.2026 22:45:41] [INFO] JARVIS успешно запущен.
[25.08.2026 22:45:41] [INFO] ========================================
[25.08.2026 22:57:40] [INFO] Завершение работы JARVIS...
[25.08.2026 22:57:56] [INFO] JARVIS выключен.
[25.08.2026 23:08:56] [INFO] ========================================
[25.08.2026 23:08:56] [INFO] Запуск JARVIS...
[25.08.2026 23:08:56] [INFO] Инициализация системы...
[25.08.2026 23:09:31] [INFO] JARVIS успешно запущен.
[25.08.2026 23:09:31] [INFO] ========================================
[25.08.2026 23:29:19] [INFO] Завершение работы JARVIS...
[25.08.2026 23:29:58] [INFO] JARVIS выключен.
[26.08.2026 10:34:07] [INFO] ========================================
[26.08.2026 10:34:07] [INFO] Запуск JARVIS...
[26.08.2026 10:34:07] [INFO] Инициализация системы...
[26.08.2026 10:34:27] [INFO] JARVIS успешно запущен.
[26.08.2026 10:34:27] [INFO] ========================================
[26.08.2026 10:41:54] [INFO] Завершение работы JARVIS...
[26.08.2026 10:41:59] [INFO] JARVIS выключен.
[26.08.2026 10:52:37] [INFO] ========================================
[26.08.2026 10:52:37] [INFO] Запуск JARVIS...
[26.08.2026 10:52:37] [INFO] Инициализация системы...
[26.08.2026 10:53:09] [INFO] JARVIS успешно запущен.
[26.08.2026 10:53:09] [INFO] ========================================
[26.08.2026 10:55:42] [INFO] Завершение работы JARVIS...
[26.08.2026 10:55:48] [INFO] JARVIS выключен.
[26.08.2026 11:40:46] [INFO] ========================================
[26.08.2026 11:40:46] [INFO] Запуск JARVIS...
[26.08.2026 11:40:46] [INFO] Инициализация системы...
[26.08.2026 11:41:42] [INFO] JARVIS успешно запущен.
[26.08.2026 11:41:42] [INFO] ========================================
[26.08.2026 11:42:38] [INFO] Завершение работы JARVIS...
[26.08.2026 11:42:41] [INFO] JARVIS выключен.
[26.08.2026 13:35:41] [INFO] ========================================
[26.08.2026 13:35:41] [INFO] Запуск JARVIS...
[26.08.2026 13:35:41] [INFO] Инициализация системы...
[26.08.2026 13:36:09] [INFO] JARVIS успешно запущен.
[26.08.2026 13:36:09] [INFO] ========================================
[26.08.2026 13:36:55] [INFO] Завершение работы JARVIS...
[26.08.2026 13:37:01] [INFO] JARVIS выключен.
[26.08.2026 13:42:13] [INFO] ========================================
[26.08.2026 13:42:13] [INFO] Запуск JARVIS...
[26.08.2026 13:42:13] [INFO] Инициализация системы...
[26.08.2026 13:42:35] [INFO] JARVIS успешно запущен.
[26.08.2026 13:42:36] [INFO] ========================================
[26.08.2026 13:43:53] [INFO] Завершение работы JARVIS...
[26.08.2026 13:43:54] [INFO] JARVIS выключен.
[26.08.2026 13:53:19] [INFO] ========================================
[26.08.2026 13:53:19] [INFO] Запуск JARVIS...
[26.08.2026 13:53:19] [INFO] Инициализация системы...
[26.08.2026 13:53:42] [INFO] JARVIS успешно запущен.
[26.08.2026 13:53:42] [INFO] ========================================
[26.08.2026 13:58:30] [INFO] Завершение работы JARVIS...
[26.08.2026 13:58:32] [INFO] JARVIS выключен.
[26.08.2026 14:04:15] [INFO] ========================================
[26.08.2026 14:04:15] [INFO] Запуск JARVIS...
[26.08.2026 14:04:15] [INFO] Инициализация системы...
[26.08.2026 14:05:35] [INFO] JARVIS успешно запущен.
[26.08.2026 14:05:35] [INFO] ========================================
[26.08.2026 14:06:51] [INFO] ========================================
[26.08.2026 14:06:51] [INFO] Запуск JARVIS...
[26.08.2026 14:06:51] [INFO] Инициализация системы...
[26.08.2026 14:07:11] [INFO] JARVIS успешно запущен.
[26.08.2026 14:07:11] [INFO] ========================================
[26.08.2026 14:46:39] [INFO] Завершение работы JARVIS...
[26.08.2026 14:47:09] [INFO] JARVIS выключен.
[26.08.2026 14:54:46] [INFO] Завершение работы JARVIS...
[26.08.2026 14:55:42] [INFO] JARVIS выключен.
[26.08.2026 16:30:31] [INFO] ========================================
[26.08.2026 16:30:31] [INFO] Запуск JARVIS...
[26.08.2026 16:30:31] [INFO] Инициализация системы...
[26.08.2026 16:31:01] [INFO] JARVIS успешно запущен.
[26.08.2026 16:31:01] [INFO] ========================================
[26.08.2026 16:32:56] [INFO] Завершение работы JARVIS...
[26.08.2026 16:32:57] [INFO] JARVIS выключен.
[26.08.2026 16:33:47] [INFO] ========================================
[26.08.2026 16:33:47] [INFO] Запуск JARVIS...
[26.08.2026 16:33:47] [INFO] Инициализация системы...
[26.08.2026 16:33:56] [INFO] JARVIS успешно запущен.
[26.08.2026 16:33:56] [INFO] ========================================
[26.08.2026 16:35:20] [INFO] Завершение работы JARVIS...
[26.08.2026 16:35:26] [INFO] JARVIS выключен.
[26.08.2026 16:52:31] [INFO] ========================================
[26.08.2026 16:52:32] [INFO] Запуск JARVIS...
[26.08.2026 16:52:32] [INFO] Инициализация системы...
[26.08.2026 16:54:27] [INFO] JARVIS успешно запущен.
[26.08.2026 16:54:27] [INFO] ========================================
[26.08.2026 16:56:27] [INFO] Завершение работы JARVIS...
[26.08.2026 16:56:29] [INFO] JARVIS выключен.
[26.08.2026 17:25:25] [INFO] ========================================
[26.08.2026 17:25:25] [INFO] Запуск JARVIS...
[26.08.2026 17:25:25] [INFO] Инициализация системы...
[26.08.2026 17:26:01] [INFO] JARVIS успешно запущен.
[26.08.2026 17:26:01] [INFO] ========================================
[26.08.2026 17:26:16] [INFO] Завершение работы JARVIS...
[26.08.2026 17:26:25] [INFO] JARVIS выключен.
[26.08.2026 18:01:49] [INFO] ========================================
[26.08.2026 18:01:49] [INFO] Запуск JARVIS...
[26.08.2026 18:01:49] [INFO] Инициализация системы...
[26.08.2026 18:02:27] [INFO] JARVIS успешно запущен.
[26.08.2026 18:02:27] [INFO] ========================================
[26.08.2026 18:03:48] [INFO] Завершение работы JARVIS...
[26.08.2026 18:03:51] [INFO] JARVIS выключен.
[26.08.2026 18:13:01] [INFO] ========================================
[26.08.2026 18:13:01] [INFO] Запуск JARVIS...
[26.08.2026 18:13:01] [INFO] Инициализация системы...
[26.08.2026 18:13:10] [INFO] JARVIS успешно запущен.
[26.08.2026 18:13:10] [INFO] ========================================
[26.08.2026 18:17:18] [INFO] ========================================
[26.08.2026 18:17:18] [INFO] Запуск JARVIS...
[26.08.2026 18:17:18] [INFO] Инициализация системы...
[26.08.2026 18:17:28] [INFO] JARVIS успешно запущен.
[26.08.2026 18:17:28] [INFO] ========================================
[26.08.2026 19:17:11] [INFO] Завершение работы JARVIS...
[26.08.2026 19:17:13] [INFO] JARVIS выключен.
[26.08.2026 19:17:12] [INFO] Завершение работы JARVIS...
[26.08.2026 19:17:17] [INFO] JARVIS выключен.
[26.08.2026 22:12:08] [INFO] ========================================
[26.08.2026 22:12:08] [INFO] Запуск JARVIS...
[26.08.2026 22:12:08] [INFO] Инициализация системы...
[26.08.2026 22:12:24] [INFO] JARVIS успешно запущен.
[26.08.2026 22:12:24] [INFO] ========================================
[26.08.2026 22:13:40] [INFO] Завершение работы JARVIS...
[26.08.2026 22:13:41] [INFO] JARVIS выключен.
[27.08.2026 08:43:35] [INFO] ========================================
[27.08.2026 08:43:35] [INFO] Запуск JARVIS...
[27.08.2026 08:43:35] [INFO] Инициализация системы...
[27.08.2026 08:43:50] [INFO] JARVIS успешно запущен.
[27.08.2026 08:43:50] [INFO] ========================================
[27.08.2026 12:10:45] [INFO] ========================================
[27.08.2026 12:10:45] [INFO] Запуск JARVIS...
[27.08.2026 12:10:45] [INFO] Инициализация системы...
[27.08.2026 12:11:02] [INFO] JARVIS успешно запущен.
[27.08.2026 12:11:02] [INFO] ========================================
[27.08.2026 12:20:12] [INFO] Завершение работы JARVIS...
[27.08.2026 12:20:14] [INFO] JARVIS выключен.
[27.08.2026 12:42:01] [INFO] ========================================
[27.08.2026 12:42:02] [INFO] Запуск JARVIS...
[27.08.2026 12:42:02] [INFO] Инициализация системы...
[27.08.2026 12:44:13] [INFO] JARVIS успешно запущен.
[27.08.2026 12:44:13] [INFO] ========================================
[27.08.2026 13:12:10] [INFO] Завершение работы JARVIS...
[27.08.2026 13:12:12] [INFO] JARVIS выключен.
[27.08.2026 13:16:03] [INFO] ========================================
[27.08.2026 13:16:03] [INFO] Запуск JARVIS...
[27.08.2026 13:16:03] [INFO] Инициализация системы...
[27.08.2026 13:16:22] [INFO] JARVIS успешно запущен.
[27.08.2026 13:16:22] [INFO] ========================================
[27.08.2026 13:34:55] [INFO] Завершение работы JARVIS...
[27.08.2026 13:34:58] [INFO] JARVIS выключен.
[27.08.2026 13:39:09] [INFO] ========================================
[27.08.2026 13:39:09] [INFO] Запуск JARVIS...
[27.08.2026 13:39:09] [INFO] Инициализация системы...
[27.08.2026 13:39:38] [INFO] JARVIS успешно запущен.
[27.08.2026 13:39:38] [INFO] ========================================
[27.08.2026 13:58:47] [INFO] ========================================
[27.08.2026 13:58:47] [INFO] Запуск JARVIS...
[27.08.2026 13:58:47] [INFO] Инициализация системы...
[27.08.2026 13:59:13] [INFO] JARVIS успешно запущен.
[27.08.2026 13:59:13] [INFO] ========================================
[27.08.2026 14:03:38] [INFO] Завершение работы JARVIS...
[27.08.2026 14:03:41] [INFO] JARVIS выключен.
[27.08.2026 14:06:28] [INFO] ========================================
[27.08.2026 14:06:28] [INFO] Запуск JARVIS...
[27.08.2026 14:06:28] [INFO] Инициализация системы...
[27.08.2026 14:06:38] [INFO] JARVIS успешно запущен.
[27.08.2026 14:06:38] [INFO] ========================================
[27.08.2026 14:18:34] [INFO] Завершение работы JARVIS...
[27.08.2026 14:18:36] [INFO] JARVIS выключен.
[27.08.2026 15:35:11] [INFO] ========================================
[27.08.2026 15:35:11] [INFO] Запуск JARVIS...
[27.08.2026 15:35:11] [INFO] Инициализация системы...
[27.08.2026 15:35:30] [INFO] JARVIS успешно запущен.
[27.08.2026 15:35:30] [INFO] ========================================
[27.08.2026 20:21:19] [INFO] Завершение работы JARVIS...
[27.08.2026 20:21:23] [INFO] JARVIS выключен.
[28.08.2026 12:28:34] [INFO] ========================================
[28.08.2026 12:28:34] [INFO] Запуск JARVIS...
[28.08.2026 12:28:34] [INFO] Инициализация системы...
[28.08.2026 12:29:06] [INFO] JARVIS успешно запущен.
[28.08.2026 12:29:06] [INFO] ========================================
[28.08.2026 12:30:54] [INFO] Завершение работы JARVIS...
[28.08.2026 12:30:56] [INFO] JARVIS выключен.
[28.08.2026 13:15:57] [INFO] ========================================
[28.08.2026 13:15:57] [INFO] Запуск JARVIS...
[28.08.2026 13:15:57] [INFO] Инициализация системы...
[28.08.2026 13:16:12] [INFO] JARVIS успешно запущен.
[28.08.2026 13:16:12] [INFO] ========================================
[28.08.2026 13:36:09] [INFO] Завершение работы JARVIS...
[28.08.2026 13:36:11] [INFO] JARVIS выключен.
[29.08.2026 15:31:19] [INFO] ========================================
[29.08.2026 15:31:19] [INFO] Запуск JARVIS...
[29.08.2026 15:31:19] [INFO] Инициализация системы...
[29.08.2026 15:31:34] [INFO] JARVIS успешно запущен.
[29.08.2026 15:31:34] [INFO] ========================================
[30.08.2026 12:40:14] [INFO] ========================================
[30.08.2026 12:40:14] [INFO] Запуск JARVIS...
[30.08.2026 12:40:14] [INFO] Инициализация системы...
[30.08.2026 12:40:42] [INFO] JARVIS успешно запущен.
[30.08.2026 12:40:42] [INFO] ========================================
[31.08.2026 08:38:37] [INFO] Завершение работы JARVIS...
[31.08.2026 08:38:41] [INFO] JARVIS выключен.
[31.08.2026 12:08:12] [INFO] ========================================
[31.08.2026 12:08:12] [INFO] Запуск JARVIS...
[31.08.2026 12:08:12] [INFO] Инициализация системы...
[31.08.2026 12:08:34] [INFO] JARVIS успешно запущен.
[31.08.2026 12:08:34] [INFO] ========================================
[31.08.2026 12:44:15] [INFO] Завершение работы JARVIS...
[31.08.2026 12:44:17] [INFO] JARVIS выключен.
[03.09.2026 15:27:55] [INFO] ========================================
[03.09.2026 15:27:55] [INFO] Запуск JARVIS...
[03.09.2026 15:27:55] [INFO] Инициализация системы...
[03.09.2026 15:27:59] [INFO] JARVIS успешно запущен.
[03.09.2026 15:27:59] [INFO] ========================================
[03.09.2026 16:29:31] [INFO] ========================================
[03.09.2026 16:29:31] [INFO] Запуск JARVIS...
[03.09.2026 16:29:31] [INFO] Инициализация системы...
[03.09.2026 16:29:34] [INFO] JARVIS успешно запущен.
[03.09.2026 16:29:34] [INFO] ========================================
[03.09.2026 16:29:39] [INFO] Завершение работы JARVIS...
[03.09.2026 16:29:40] [INFO] JARVIS выключен.
[03.09.2026 16:29:54] [INFO] ========================================
[03.09.2026 16:29:54] [INFO] Запуск JARVIS...
[03.09.2026 16:29:54] [INFO] Инициализация системы...
[03.09.2026 16:29:58] [INFO] JARVIS успешно запущен.
[03.09.2026 16:29:58] [INFO] ========================================
[03.09.2026 16:30:13] [INFO] Завершение работы JARVIS...
[03.09.2026 16:30:14] [INFO] JARVIS выключен.
[03.09.2026 18:52:57] [INFO] ========================================
[03.09.2026 18:52:57] [INFO] Запуск JARVIS...
[03.09.2026 18:52:57] [INFO] Инициализация системы...
[03.09.2026 18:53:00] [INFO] JARVIS успешно запущен.
[03.09.2026 18:53:00] [INFO] ========================================
[03.09.2026 18:59:53] [INFO] Завершение работы JARVIS...
[03.09.2026 18:59:54] [INFO] JARVIS выключен.
[03.09.2026 19:01:26] [INFO] ========================================
[03.09.2026 19:01:26] [INFO] Запуск JARVIS...
[03.09.2026 19:01:26] [INFO] Инициализация системы...
[03.09.2026 19:01:29] [INFO] JARVIS успешно запущен.
[03.09.2026 19:01:29] [INFO] ========================================
[03.09.2026 20:16:54] [INFO] Завершение работы JARVIS...
[03.09.2026 20:16:55] [INFO] JARVIS выключен.
[04.09.2026 07:19:28] [INFO] ========================================
[04.09.2026 07:19:28] [INFO] Запуск JARVIS...
[04.09.2026 07:19:28] [INFO] Инициализация системы...
[04.09.2026 07:19:32] [INFO] JARVIS успешно запущен.
[04.09.2026 07:19:32] [INFO] ========================================
[04.09.2026 15:09:59] [INFO] ========================================
[04.09.2026 15:09:59] [INFO] Запуск JARVIS...
[04.09.2026 15:09:59] [INFO] Инициализация системы...
[04.09.2026 15:10:03] [INFO] JARVIS успешно запущен.
[04.09.2026 15:10:03] [INFO] ========================================
[04.09.2026 18:47:52] [INFO] Завершение работы JARVIS...
[04.09.2026 18:47:53] [INFO] JARVIS выключен.
[04.09.2026 20:23:11] [INFO] ========================================
[04.09.2026 20:23:11] [INFO] Запуск JARVIS...
[04.09.2026 20:23:11] [INFO] Инициализация системы...
[04.09.2026 20:23:15] [INFO] JARVIS успешно запущен.
[04.09.2026 20:23:15] [INFO] ========================================
[04.09.2026 21:25:38] [INFO] Завершение работы JARVIS...
[04.09.2026 21:25:39] [INFO] JARVIS выключен.
[05.09.2026 21:01:38] [INFO] ========================================
[05.09.2026 21:01:38] [INFO] Запуск JARVIS...
[05.09.2026 21:01:38] [INFO] Инициализация системы...
[05.09.2026 21:01:41] [INFO] JARVIS успешно запущен.
[05.09.2026 21:01:41] [INFO] ========================================
[05.09.2026 21:04:22] [INFO] Завершение работы JARVIS...
[05.09.2026 21:04:23] [INFO] JARVIS выключен.
[06.09.2026 08:54:35] [INFO] ========================================
[06.09.2026 08:54:35] [INFO] Запуск JARVIS...
[06.09.2026 08:54:35] [INFO] Инициализация системы...
[06.09.2026 08:54:39] [INFO] JARVIS успешно запущен.
[06.09.2026 08:54:39] [INFO] ========================================
[06.09.2026 08:55:21] [INFO] Завершение работы JARVIS...
[06.09.2026 08:55:22] [INFO] JARVIS выключен.
[06.09.2026 21:54:44] [INFO] ========================================
[06.09.2026 21:54:44] [INFO] Запуск JARVIS...
[06.09.2026 21:54:44] [INFO] Инициализация системы...
[06.09.2026 21:54:48] [INFO] JARVIS успешно запущен.
[06.09.2026 21:54:48] [INFO] ========================================
[06.09.2026 21:55:15] [INFO] Завершение работы JARVIS...
[06.09.2026 21:55:16] [INFO] JARVIS выключен.
[06.09.2026 21:56:29] [INFO] ========================================
[06.09.2026 21:56:29] [INFO] Запуск JARVIS...
[06.09.2026 21:56:29] [INFO] Инициализация системы...
[06.09.2026 21:56:33] [INFO] JARVIS успешно запущен.
[06.09.2026 21:56:33] [INFO] ========================================
[06.09.2026 21:56:54] [INFO] Завершение работы JARVIS...
[06.09.2026 21:56:55] [INFO] JARVIS выключен.
[06.09.2026 21:57:53] [INFO] ========================================
[06.09.2026 21:57:53] [INFO] Запуск JARVIS...
[06.09.2026 21:57:53] [INFO] Инициализация системы...
[06.09.2026 21:57:56] [INFO] JARVIS успешно запущен.
[06.09.2026 21:57:56] [INFO] ========================================
[06.09.2026 22:00:30] [INFO] Завершение работы JARVIS...
[06.09.2026 22:00:31] [INFO] JARVIS выключен.
[07.09.2026 07:21:53] [INFO] ========================================
[07.09.2026 07:21:53] [INFO] Запуск JARVIS...
[07.09.2026 07:21:53] [INFO] Инициализация системы...
[07.09.2026 07:21:57] [INFO] JARVIS успешно запущен.
[07.09.2026 07:21:57] [INFO] ========================================
[07.09.2026 07:22:30] [INFO] Завершение работы JARVIS...
[07.09.2026 07:22:31] [INFO] JARVIS выключен.
[07.09.2026 07:27:00] [INFO] ========================================
[07.09.2026 07:27:00] [INFO] Запуск JARVIS...
[07.09.2026 07:27:00] [INFO] Инициализация системы...
[07.09.2026 07:27:03] [INFO] JARVIS успешно запущен.
[07.09.2026 07:27:03] [INFO] ========================================
[07.09.2026 15:56:59] [INFO] ========================================
[07.09.2026 15:56:59] [INFO] Запуск JARVIS...
[07.09.2026 15:56:59] [INFO] Инициализация системы...
[07.09.2026 22:04:40] [INFO] ========================================
[07.09.2026 22:04:40] [INFO] Запуск JARVIS...
[07.09.2026 22:04:40] [INFO] Инициализация системы...
[07.09.2026 22:04:44] [INFO] JARVIS успешно запущен.
[07.09.2026 22:04:44] [INFO] ========================================
[08.09.2026 07:31:03] [INFO] ========================================
[08.09.2026 07:31:03] [INFO] Запуск JARVIS...
[08.09.2026 07:31:03] [INFO] Инициализация системы...
[08.09.2026 07:31:07] [INFO] JARVIS успешно запущен.
[08.09.2026 07:31:07] [INFO] ========================================
[08.09.2026 07:32:23] [INFO] Завершение работы JARVIS...
[08.09.2026 07:32:24] [INFO] JARVIS выключен.
[08.09.2026 07:47:48] [INFO] ========================================
[08.09.2026 07:47:48] [INFO] Запуск JARVIS...
[08.09.2026 07:47:48] [INFO] Инициализация системы...
[08.09.2026 07:47:51] [INFO] JARVIS успешно запущен.
[08.09.2026 07:47:51] [INFO] ========================================
[08.09.2026 07:49:03] [INFO] Завершение работы JARVIS...
[08.09.2026 07:49:04] [INFO] JARVIS выключен.
[08.09.2026 23:46:44] [INFO] ========================================
[08.09.2026 23:46:44] [INFO] Запуск JARVIS...
[08.09.2026 23:46:44] [INFO] Инициализация системы...
[08.09.2026 23:46:47] [INFO] JARVIS успешно запущен.
[08.09.2026 23:46:47] [INFO] ========================================
[08.09.2026 23:53:32] [INFO] Завершение работы JARVIS...
[08.09.2026 23:53:33] [INFO] JARVIS выключен.
[10.09.2026 14:23:36] [INFO] ========================================
[10.09.2026 14:23:36] [INFO] Запуск JARVIS...
[10.09.2026 14:23:36] [INFO] Инициализация системы...
[10.09.2026 14:23:40] [INFO] JARVIS успешно запущен.
[10.09.2026 14:23:40] [INFO] ========================================
[10.09.2026 15:08:52] [INFO] Завершение работы JARVIS...
[10.09.2026 15:08:53] [INFO] JARVIS выключен.
[11.09.2026 12:56:36] [INFO] ========================================
[11.09.2026 12:56:36] [INFO] Запуск JARVIS...
[11.09.2026 12:56:36] [INFO] Инициализация системы...
[11.09.2026 12:56:39] [INFO] JARVIS успешно запущен.
[11.09.2026 12:56:39] [INFO] ========================================
[11.09.2026 15:13:08] [INFO] Завершение работы JARVIS...
[11.09.2026 15:13:09] [INFO] JARVIS выключен.
[13.09.2026 12:31:02] [INFO] ========================================
[13.09.2026 12:31:02] [INFO] Запуск JARVIS...
[13.09.2026 12:31:02] [INFO] Инициализация системы...
[13.09.2026 12:31:06] [INFO] JARVIS успешно запущен.
[13.09.2026 12:31:06] [INFO] ========================================
[13.09.2026 12:32:16] [INFO] Завершение работы JARVIS...
[13.09.2026 12:32:17] [INFO] JARVIS выключен.
[13.09.2026 12:33:18] [INFO] ========================================
[13.09.2026 12:33:18] [INFO] Запуск JARVIS...
[13.09.2026 12:33:18] [INFO] Инициализация системы...
[13.09.2026 12:33:21] [INFO] JARVIS успешно запущен.
[13.09.2026 12:33:21] [INFO] ========================================
[13.09.2026 12:33:56] [INFO] Завершение работы JARVIS...
[13.09.2026 12:33:57] [INFO] JARVIS выключен.
[13.09.2026 12:34:30] [INFO] ========================================
[13.09.2026 12:34:30] [INFO] Запуск JARVIS...
[13.09.2026 12:34:30] [INFO] Инициализация системы...
[13.09.2026 12:34:33] [INFO] JARVIS успешно запущен.
[13.09.2026 12:34:33] [INFO] ========================================
[13.09.2026 12:35:03] [INFO] Завершение работы JARVIS...
[13.09.2026 12:35:04] [INFO] JARVIS выключен.
[13.09.2026 12:35:41] [INFO] ========================================
[13.09.2026 12:35:41] [INFO] Запуск JARVIS...
[13.09.2026 12:35:41] [INFO] Инициализация системы...
[13.09.2026 12:35:45] [INFO] JARVIS успешно запущен.
[13.09.2026 12:35:45] [INFO] ========================================
[13.09.2026 12:36:54] [INFO] Завершение работы JARVIS...
[13.09.2026 12:36:55] [INFO] JARVIS выключен.
[14.09.2026 16:25:57] [INFO] ========================================
[14.09.2026 16:25:57] [INFO] Запуск JARVIS...
[14.09.2026 16:25:57] [INFO] Инициализация системы...
[14.09.2026 16:26:01] [INFO] JARVIS успешно запущен.
[14.09.2026 16:26:01] [INFO] ========================================
[15.09.2026 00:10:03] [INFO] Завершение работы JARVIS...
[25.09.2026 20:18:01] [INFO] ========================================
[25.09.2026 20:18:01] [INFO] Запуск JARVIS...
[25.09.2026 20:18:01] [INFO] Инициализация системы...
[25.09.2026 20:18:04] [INFO] JARVIS успешно запущен.
[25.09.2026 20:18:04] [INFO] ========================================
[25.09.2026 20:48:08] [INFO] Завершение работы JARVIS...
[25.09.2026 20:48:09] [INFO] JARVIS выключен.
[01.10.2026 23:16:40] [INFO] ========================================
[01.10.2026 23:16:40] [INFO] Запуск JARVIS...
[01.10.2026 23:16:40] [INFO] Инициализация системы...
[01.10.2026 23:16:44] [INFO] JARVIS успешно запущен.
[01.10.2026 23:16:44] [INFO] ========================================
[01.10.2026 23:19:36] [INFO] Завершение работы JARVIS...
[01.10.2026 23:19:37] [INFO] JARVIS выключен.
[01.10.2026 23:20:47] [INFO] ========================================
[01.10.2026 23:20:47] [INFO] Запуск JARVIS...
[01.10.2026 23:20:47] [INFO] Инициализация системы...
[01.10.2026 23:20:50] [INFO] JARVIS успешно запущен.
[01.10.2026 23:20:50] [INFO] ========================================
[01.10.2026 23:25:29] [INFO] Завершение работы JARVIS...
[01.10.2026 23:25:30] [INFO] JARVIS выключен.
[01.10.2026 23:26:36] [INFO] ========================================
[01.10.2026 23:26:36] [INFO] Запуск JARVIS...
[01.10.2026 23:26:36] [INFO] Инициализация системы...
[01.10.2026 23:26:40] [INFO] JARVIS успешно запущен.
[01.10.2026 23:26:40] [INFO] ========================================
[01.10.2026 23:27:51] [INFO] Завершение работы JARVIS...
[01.10.2026 23:27:52] [INFO] JARVIS выключен.
[01.10.2026 23:38:35] [INFO] ========================================
[01.10.2026 23:38:35] [INFO] Запуск JARVIS...
[01.10.2026 23:38:35] [INFO] Инициализация системы...
[01.10.2026 23:38:38] [INFO] JARVIS успешно запущен.
[01.10.2026 23:38:38] [INFO] ========================================
[01.10.2026 23:45:11] [INFO] Завершение работы JARVIS...
[01.10.2026 23:45:12] [INFO] JARVIS выключен.
[01.10.2026 23:45:36] [INFO] ========================================
[01.10.2026 23:45:36] [INFO] Запуск JARVIS...
[01.10.2026 23:45:36] [INFO] Инициализация системы...
[01.10.2026 23:45:39] [INFO] JARVIS успешно запущен.
[01.10.2026 23:45:39] [INFO] ========================================
[01.10.2026 23:46:23] [INFO] Завершение работы JARVIS...
[01.10.2026 23:46:24] [INFO] JARVIS выключен.
[01.10.2026 23:46:29] [INFO] ========================================
[01.10.2026 23:46:29] [INFO] Запуск JARVIS...
[01.10.2026 23:46:29] [INFO] Инициализация системы...
[01.10.2026 23:46:33] [INFO] JARVIS успешно запущен.
[01.10.2026 23:46:33] [INFO] ========================================
[01.10.2026 23:47:09] [INFO] Завершение работы JARVIS...
[01.10.2026 23:47:10] [INFO] JARVIS выключен.
[02.10.2026 00:02:24] [INFO] ========================================
[02.10.2026 00:02:24] [INFO] Запуск JARVIS...
[02.10.2026 00:02:24] [INFO] Инициализация системы...
[02.10.2026 00:02:28] [INFO] JARVIS успешно запущен.
[02.10.2026 00:02:28] [INFO] ========================================
[02.10.2026 00:05:14] [INFO] Завершение работы JARVIS...
[02.10.2026 00:05:15] [INFO] JARVIS выключен.
[02.10.2026 00:09:25] [INFO] ========================================
[02.10.2026 00:09:25] [INFO] Запуск JARVIS...
[02.10.2026 00:09:25] [INFO] Инициализация системы...
[02.10.2026 00:09:28] [INFO] JARVIS успешно запущен.
[02.10.2026 00:09:28] [INFO] ========================================
[02.10.2026 06:34:58] [INFO] ========================================
[02.10.2026 06:34:58] [INFO] Запуск JARVIS...
[02.10.2026 06:34:58] [INFO] Инициализация системы...
[02.10.2026 06:35:02] [INFO] JARVIS успешно запущен.
[02.10.2026 06:35:02] [INFO] ========================================
[02.10.2026 07:01:58] [INFO] Завершение работы JARVIS...
[02.10.2026 07:01:59] [INFO] JARVIS выключен.
[02.10.2026 07:22:21] [INFO] ========================================
[02.10.2026 07:22:21] [INFO] Запуск JARVIS...
[02.10.2026 07:22:21] [INFO] Инициализация системы...
[02.10.2026 07:22:25] [INFO] JARVIS успешно запущен.
[02.10.2026 07:22:25] [INFO] ========================================
[02.10.2026 07:27:11] [INFO] Завершение работы JARVIS...
[02.10.2026 07:27:12] [INFO] JARVIS выключен.
[02.10.2026 13:13:39] [INFO] ========================================
[02.10.2026 13:13:39] [INFO] Запуск JARVIS...
[02.10.2026 13:13:39] [INFO] Инициализация системы...
[02.10.2026 13:13:43] [INFO] JARVIS успешно запущен.
[02.10.2026 13:13:43] [INFO] ========================================
[02.10.2026 13:14:39] [INFO] Завершение работы JARVIS...
[02.10.2026 13:14:40] [INFO] JARVIS выключен.
[02.10.2026 13:27:03] [INFO] ========================================
[02.10.2026 13:27:03] [INFO] Запуск JARVIS...
[02.10.2026 13:27:03] [INFO] Инициализация системы...
[02.10.2026 13:27:07] [INFO] JARVIS успешно запущен.
[02.10.2026 13:27:07] [INFO] ========================================
[02.10.2026 13:28:11] [INFO] Завершение работы JARVIS...
[02.10.2026 13:28:12] [INFO] JARVIS выключен.
[02.10.2026 13:33:07] [INFO] ========================================
[02.10.2026 13:33:07] [INFO] Запуск JARVIS...
[02.10.2026 13:33:07] [INFO] Инициализация системы...
[02.10.2026 13:33:10] [INFO] JARVIS успешно запущен.
[02.10.2026 13:33:10] [INFO] ========================================
[02.10.2026 13:33:35] [INFO] Завершение работы JARVIS...
[02.10.2026 13:33:36] [INFO] JARVIS выключен.
[02.10.2026 13:36:10] [INFO] ========================================
[02.10.2026 13:36:10] [INFO] Запуск JARVIS...
[02.10.2026 13:36:10] [INFO] Инициализация системы...
[02.10.2026 13:36:14] [INFO] JARVIS успешно запущен.
[02.10.2026 13:36:14] [INFO] ========================================
[02.10.2026 13:36:24] [INFO] Завершение работы JARVIS...
[02.10.2026 13:36:25] [INFO] JARVIS выключен.
[02.10.2026 13:37:21] [INFO] ========================================
[02.10.2026 13:37:21] [INFO] Запуск JARVIS...
[02.10.2026 13:37:21] [INFO] Инициализация системы...
[02.10.2026 13:37:24] [INFO] JARVIS успешно запущен.
[02.10.2026 13:37:24] [INFO] ========================================
[02.10.2026 13:39:49] [INFO] Завершение работы JARVIS...
[02.10.2026 13:39:50] [INFO] JARVIS выключен.
[02.10.2026 13:44:53] [INFO] ========================================
[02.10.2026 13:44:53] [INFO] Запуск JARVIS...
[02.10.2026 13:44:53] [INFO] Инициализация системы...
[02.10.2026 13:44:57] [INFO] JARVIS успешно запущен.
[02.10.2026 13:44:57] [INFO] ========================================
[02.10.2026 13:59:28] [INFO] Завершение работы JARVIS...
[02.10.2026 13:59:29] [INFO] JARVIS выключен.
[02.10.2026 14:00:45] [INFO] ========================================
[02.10.2026 14:00:45] [INFO] Запуск JARVIS...
[02.10.2026 14:00:45] [INFO] Инициализация системы...
[02.10.2026 14:00:48] [INFO] JARVIS успешно запущен.
[02.10.2026 14:00:48] [INFO] ========================================
[02.10.2026 14:02:45] [INFO] Завершение работы JARVIS...
[02.10.2026 14:02:46] [INFO] JARVIS выключен.
[02.10.2026 14:02:51] [INFO] ========================================
[02.10.2026 14:02:51] [INFO] Запуск JARVIS...
[02.10.2026 14:02:51] [INFO] Инициализация системы...
[02.10.2026 14:02:55] [INFO] JARVIS успешно запущен.
[02.10.2026 14:02:55] [INFO] ========================================
[02.10.2026 14:05:26] [INFO] Завершение работы JARVIS...
[02.10.2026 14:05:27] [INFO] JARVIS выключен.
[02.10.2026 14:16:14] [INFO] ========================================
[02.10.2026 14:16:14] [INFO] Запуск JARVIS...
[02.10.2026 14:16:14] [INFO] Инициализация системы...
[02.10.2026 14:16:18] [INFO] JARVIS успешно запущен.
[02.10.2026 14:16:18] [INFO] ========================================
[02.10.2026 14:43:04] [INFO] Завершение работы JARVIS...
[02.10.2026 14:43:05] [INFO] JARVIS выключен.
[03.10.2026 12:09:47] [INFO] ========================================
[03.10.2026 12:09:47] [INFO] Запуск JARVIS...
[03.10.2026 12:09:47] [INFO] Инициализация системы...
[03.10.2026 12:09:51] [INFO] JARVIS успешно запущен.
[03.10.2026 12:09:51] [INFO] ========================================
[04.10.2026 21:42:06] [INFO] ========================================
[04.10.2026 21:42:06] [INFO] Запуск JARVIS...
[04.10.2026 21:42:06] [INFO] Инициализация системы...
[04.10.2026 21:42:10] [INFO] JARVIS успешно запущен.
[04.10.2026 21:42:10] [INFO] ========================================
[04.10.2026 21:49:31] [INFO] Завершение работы JARVIS...
[04.10.2026 21:49:32] [INFO] JARVIS выключен.
[04.10.2026 21:49:37] [INFO] ========================================
[04.10.2026 21:49:37] [INFO] Запуск JARVIS...
[04.10.2026 21:49:37] [INFO] Инициализация системы...
[04.10.2026 21:49:41] [INFO] JARVIS успешно запущен.
[04.10.2026 21:49:41] [INFO] ========================================
[04.10.2026 22:32:32] [INFO] Завершение работы JARVIS...
[04.10.2026 22:32:33] [INFO] JARVIS выключен.
[04.10.2026 22:32:38] [INFO] ========================================
[04.10.2026 22:32:38] [INFO] Запуск JARVIS...
[04.10.2026 22:32:38] [INFO] Инициализация системы...
[04.10.2026 22:32:42] [INFO] JARVIS успешно запущен.
[04.10.2026 22:32:42] [INFO] ========================================
[04.10.2026 22:41:28] [INFO] Завершение работы JARVIS...
[04.10.2026 22:41:29] [INFO] JARVIS выключен.
[04.10.2026 22:41:33] [INFO] ========================================
[04.10.2026 22:41:33] [INFO] Запуск JARVIS...
[04.10.2026 22:41:33] [INFO] Инициализация системы...
[04.10.2026 22:41:37] [INFO] JARVIS успешно запущен.
[04.10.2026 22:41:37] [INFO] ========================================
[06.10.2026 14:43:12] [INFO] ========================================
[06.10.2026 14:43:12] [INFO] Запуск JARVIS...
[06.10.2026 14:43:12] [INFO] Инициализация системы...
[06.10.2026 14:43:17] [INFO] JARVIS успешно запущен.
[06.10.2026 14:43:17] [INFO] ========================================
[06.10.2026 15:38:46] [INFO] Завершение работы JARVIS...
[06.10.2026 15:38:47] [INFO] JARVIS выключен.
[06.10.2026 15:38:53] [INFO] ========================================
[06.10.2026 15:38:53] [INFO] Запуск JARVIS...
[06.10.2026 15:38:53] [INFO] Инициализация системы...
[06.10.2026 15:38:56] [INFO] JARVIS успешно запущен.
[06.10.2026 15:38:56] [INFO] ========================================
